133
1 R
2
3
4
5
6
7 R
6
5
4
3
2
11
12
13
14 R
15
16
10 R
9
17
