  243977
1
84730
157775
101098
1190
192196
141985
164678
87649 R
164678
141985
192196
1190
101098
157775
22870
131737
42655
163784
191124
106321
93745
26397
127198 R
26397
93745
155856
186021
57225
182419
57557
139480
136898
28795
66920 R
28795
75431
161412
108525
9497
9951
129347
105582
186221
200000